#  1. there are 1999979 student in all. [  28419 ,  16906 ,  28864 ,  809 ,  28289 ,     ...    11591 ,  16472 ,  12265 ,  26453 ,  28002    ].  avg = 16381.58 . [END]
#  2. there are 1999983 student in all. [  23100 ,  19167 ,  30417 ,  20253 ,  28864 ,     ...    29681 ,  3782 ,  14124 ,  11389 ,  13682    ].  avg = 16385.76 . [END]
#  3. there are 1999977 student in all. [  649 ,  15187 ,  26867 ,  28550 ,  10022 ,     ...    25404 ,  20628 ,  11366 ,  8147 ,  6547    ].  avg = 16377.03 . [END]
#  4. there are 1999983 student in all. [  13865 ,  28950 ,  17330 ,  24929 ,  10426 ,     ...    14500 ,  12930 ,  32761 ,  6539 ,  28001    ].  avg = 16379.69 . [END]
#  5. there are 1999971 student in all. [  23790 ,  9997 ,  12426 ,  1521 ,  29652 ,     ...    4623 ,  6809 ,  32508 ,  31172 ,  27592    ].  avg = 16384.13 . [END]
#  6. there are 1999967 student in all. [  8210 ,  4063 ,  22377 ,  17707 ,  21305 ,     ...    5225 ,  11856 ,  17625 ,  28975 ,  1610    ].  avg = 16384.57 . [END]
#  7. there are 1999972 student in all. [  31449 ,  15101 ,  13517 ,  7575 ,  4538 ,     ...    30903 ,  14707 ,  9097 ,  23573 ,  6901    ].  avg = 16375.41 . [END]
#  8. there are 1999990 student in all. [  32249 ,  10870 ,  18197 ,  25319 ,  29327 ,     ...    23255 ,  7100 ,  4750 ,  15811 ,  6288    ].  avg = 16378.50 . [END]
#  9. there are 1999971 student in all. [  4247 ,  30253 ,  26528 ,  19224 ,  24043 ,     ...    4112 ,  12951 ,  7616 ,  4856 ,  16999    ].  avg = 16392.44 . [END]
# 10. there are 1999997 student in all. [  11588 ,  19932 ,  8827 ,  13210 ,  31931 ,     ...    4405 ,  16683 ,  18091 ,  14898 ,  18170    ].  avg = 16383.26 . [END]
# 11. there are 1999964 student in all. [  20536 ,  13483 ,  6655 ,  14440 ,  7859 ,     ...    30189 ,  24070 ,  3278 ,  6258 ,  1539    ].  avg = 16401.31 . [END]
# 12. there are 1999976 student in all. [  17030 ,  6474 ,  23623 ,  14567 ,  32752 ,     ...    19211 ,  4674 ,  12252 ,  24703 ,  18606    ].  avg = 16388.41 . [END]
# 13. there are 1999983 student in all. [  7819 ,  15270 ,  27247 ,  25916 ,  21258 ,     ...    28739 ,  15314 ,  916 ,  24559 ,  22316    ].  avg = 16378.11 . [END]
# 14. there are 1999957 student in all. [  5878 ,  18374 ,  699 ,  20448 ,  31699 ,     ...    23799 ,  12122 ,  3128 ,  11193 ,  21588    ].  avg = 16374.85 . [END]
# 15. there are 1999977 student in all. [  2269 ,  21800 ,  5060 ,  2537 ,  31801 ,     ...    27843 ,  9583 ,  5188 ,  1189 ,  9877    ].  avg = 16379.33 . [END]
# 16. there are 1999984 student in all. [  10873 ,  22752 ,  31200 ,  17139 ,  4467 ,     ...    30238 ,  17848 ,  24915 ,  27323 ,  1931    ].  avg = 16385.54 . [END]
# 17. there are 1999982 student in all. [  23792 ,  5234 ,  21835 ,  29016 ,  857 ,     ...    11667 ,  8653 ,  2203 ,  31152 ,  9766    ].  avg = 16372.85 . [END]
# 18. there are 1999988 student in all. [  4371 ,  28939 ,  23002 ,  1147 ,  6109 ,     ...    6274 ,  8804 ,  32495 ,  31141 ,  7087    ].  avg = 16388.30 . [END]
# 19. there are 1999977 student in all. [  30079 ,  1265 ,  10726 ,  854 ,  6024 ,     ...    11642 ,  25144 ,  27825 ,  27737 ,  1176    ].  avg = 16385.12 . [END]
# 20. there are 1999971 student in all. [  22753 ,  7398 ,  1639 ,  165 ,  10068 ,     ...    11787 ,  30392 ,  2791 ,  25508 ,  14784    ].  avg = 16386.72 . [END]
# 21. there are 1999968 student in all. [  30184 ,  10154 ,  15013 ,  14365 ,  20201 ,     ...    2587 ,  2555 ,  2245 ,  14619 ,  27180    ].  avg = 16386.60 . [END]
# 22. there are 1999960 student in all. [  30766 ,  29749 ,  12524 ,  16273 ,  32687 ,     ...    16996 ,  18416 ,  29172 ,  3548 ,  20090    ].  avg = 16379.00 . [END]
# 23. there are 1999977 student in all. [  26890 ,  30671 ,  5394 ,  29122 ,  19128 ,     ...    14664 ,  30694 ,  24725 ,  20769 ,  30502    ].  avg = 16383.99 . [END]
# 24. there are 1999951 student in all. [  30664 ,  20673 ,  23653 ,  16442 ,  24875 ,     ...    17272 ,  17305 ,  6083 ,  4497 ,  9588    ].  avg = 16370.45 . [END]
# 25. there are 1999981 student in all. [  31057 ,  21722 ,  27604 ,  23900 ,  3022 ,     ...    30443 ,  23477 ,  710 ,  5747 ,  25921    ].  avg = 16373.12 . [END]
# 26. there are 1999980 student in all. [  11782 ,  31764 ,  263 ,  11341 ,  9678 ,     ...    16558 ,  24719 ,  22670 ,  18396 ,  6529    ].  avg = 16396.00 . [END]
# 27. there are 1999982 student in all. [  5522 ,  8017 ,  21871 ,  4466 ,  30975 ,     ...    30906 ,  13166 ,  26442 ,  7296 ,  21616    ].  avg = 16386.87 . [END]
# 28. there are 1999983 student in all. [  2072 ,  29737 ,  3722 ,  2202 ,  20481 ,     ...    14650 ,  21283 ,  24858 ,  28308 ,  182    ].  avg = 16386.07 . [END]
# 29. there are 1999954 student in all. [  14483 ,  11361 ,  3130 ,  21144 ,  18097 ,     ...    18040 ,  2801 ,  30517 ,  24401 ,  21112    ].  avg = 16394.39 . [END]
# 30. there are 1999950 student in all. [  8191 ,  1571 ,  23679 ,  8263 ,  7369 ,     ...    1964 ,  19180 ,  25193 ,  31399 ,  20090    ].  avg = 16386.38 . [END]
# 31. there are 1999978 student in all. [  4939 ,  556 ,  17153 ,  18375 ,  21647 ,     ...    15906 ,  14715 ,  16514 ,  17451 ,  8996    ].  avg = 16378.52 . [END]
# 32. there are 1999986 student in all. [  27601 ,  13996 ,  9828 ,  27031 ,  8028 ,     ...    1088 ,  13693 ,  15496 ,  28313 ,  31868    ].  avg = 16379.70 . [END]
# 33. there are 1999951 student in all. [  14716 ,  5555 ,  12759 ,  19394 ,  28908 ,     ...    12094 ,  3332 ,  16707 ,  16381 ,  9437    ].  avg = 16388.24 . [END]
# 34. there are 1999967 student in all. [  30915 ,  17518 ,  24202 ,  24394 ,  23681 ,     ...    6905 ,  31345 ,  303 ,  22899 ,  14173    ].  avg = 16381.34 . [END]
# 35. there are 1999988 student in all. [  9447 ,  21539 ,  30165 ,  32191 ,  28014 ,     ...    17969 ,  15934 ,  29093 ,  12216 ,  11229    ].  avg = 16382.23 . [END]
# 36. there are 1999978 student in all. [  5828 ,  28860 ,  10430 ,  11563 ,  24572 ,     ...    19574 ,  7890 ,  100 ,  21038 ,  14336    ].  avg = 16389.38 . [END]
# 37. there are 1999979 student in all. [  30954 ,  4925 ,  20607 ,  18876 ,  2540 ,     ...    31641 ,  12471 ,  4705 ,  5251 ,  23082    ].  avg = 16385.97 . [END]
# 38. there are 1999999 student in all. [  8387 ,  21309 ,  561 ,  22174 ,  22572 ,     ...    14179 ,  8862 ,  17130 ,  19970 ,  29428    ].  avg = 16377.89 . [END]
# 39. there are 1999992 student in all. [  21216 ,  8836 ,  4691 ,  24545 ,  13496 ,     ...    18275 ,  31256 ,  18314 ,  14958 ,  27720    ].  avg = 16377.13 . [END]
# 40. there are 1999988 student in all. [  8860 ,  6564 ,  11630 ,  29342 ,  8151 ,     ...    23953 ,  5715 ,  8903 ,  13358 ,  2788    ].  avg = 16383.92 . [END]
# 41. there are 1999961 student in all. [  6260 ,  25436 ,  28106 ,  31552 ,  16914 ,     ...    5099 ,  11998 ,  13007 ,  4563 ,  14515    ].  avg = 16386.44 . [END]
# 42. there are 1999982 student in all. [  11005 ,  18259 ,  24802 ,  12270 ,  31062 ,     ...    13970 ,  1194 ,  18057 ,  11302 ,  10903    ].  avg = 16382.10 . [END]
# 43. there are 1999972 student in all. [  20118 ,  15633 ,  30959 ,  11097 ,  11834 ,     ...    21103 ,  26440 ,  2125 ,  1342 ,  12891    ].  avg = 16392.65 . [END]
# 44. there are 1999974 student in all. [  13158 ,  31375 ,  23526 ,  4696 ,  8911 ,     ...    15271 ,  17309 ,  12347 ,  18445 ,  26114    ].  avg = 16384.90 . [END]
# 45. there are 1999971 student in all. [  8343 ,  9579 ,  25441 ,  17818 ,  1614 ,     ...    11065 ,  28163 ,  25098 ,  2738 ,  5294    ].  avg = 16386.82 . [END]
# 46. there are 2000000 student in all. [  29775 ,  93 ,  12368 ,  25932 ,  29773 ,     ...    2653 ,  22143 ,  16086 ,  14728 ,  8318    ].  avg = 16395.63 . [END]
# 47. there are 1999973 student in all. [  20456 ,  6259 ,  28520 ,  31222 ,  2168 ,     ...    29484 ,  1812 ,  12349 ,  20304 ,  1757    ].  avg = 16379.47 . [END]
# 48. there are 1999997 student in all. [  13464 ,  13876 ,  14635 ,  24659 ,  17503 ,     ...    11673 ,  8281 ,  6336 ,  3849 ,  22882    ].  avg = 16382.52 . [END]
# 49. there are 1999998 student in all. [  20398 ,  5616 ,  3110 ,  16702 ,  17083 ,     ...    17616 ,  25023 ,  11090 ,  3944 ,  31459    ].  avg = 16387.85 . [END]
# 50. there are 1999988 student in all. [  8874 ,  6241 ,  11532 ,  5834 ,  1732 ,     ...    30594 ,  16535 ,  7735 ,  11178 ,  23948    ].  avg = 16373.27 . [END]
# 51. there are 1999960 student in all. [  4517 ,  20176 ,  9948 ,  23616 ,  32493 ,     ...    5330 ,  27595 ,  12984 ,  19799 ,  30323    ].  avg = 16382.11 . [END]
# 52. there are 1999999 student in all. [  31400 ,  28702 ,  18281 ,  8372 ,  9406 ,     ...    12346 ,  13874 ,  19443 ,  28001 ,  5110    ].  avg = 16385.57 . [END]
# 53. there are 1999967 student in all. [  9926 ,  9495 ,  26260 ,  2752 ,  19073 ,     ...    6500 ,  17901 ,  25003 ,  10709 ,  16602    ].  avg = 16388.07 . [END]
# 54. there are 1999964 student in all. [  10292 ,  15382 ,  29963 ,  13580 ,  6744 ,     ...    25518 ,  3803 ,  1588 ,  23038 ,  975    ].  avg = 16375.70 . [END]
# 55. there are 1999999 student in all. [  24249 ,  11544 ,  11290 ,  6759 ,  20597 ,     ...    7674 ,  6250 ,  16130 ,  29362 ,  26030    ].  avg = 16373.24 . [END]
# 56. there are 1999994 student in all. [  5444 ,  5334 ,  13139 ,  26547 ,  9406 ,     ...    22541 ,  638 ,  29951 ,  15534 ,  27137    ].  avg = 16372.25 . [END]
# 57. there are 1999991 student in all. [  28437 ,  10785 ,  1495 ,  18709 ,  17769 ,     ...    32611 ,  5521 ,  10132 ,  3162 ,  1102    ].  avg = 16377.98 . [END]
# 58. there are 1999959 student in all. [  1423 ,  29348 ,  5194 ,  593 ,  22082 ,     ...    8542 ,  16217 ,  3936 ,  10388 ,  27536    ].  avg = 16378.74 . [END]
# 59. there are 1999953 student in all. [  14210 ,  4840 ,  2356 ,  31305 ,  8908 ,     ...    22744 ,  20907 ,  7777 ,  6434 ,  13029    ].  avg = 16386.64 . [END]
# 60. there are 1999969 student in all. [  379 ,  21580 ,  10636 ,  25693 ,  22826 ,     ...    4732 ,  22870 ,  30212 ,  24818 ,  24370    ].  avg = 16388.32 . [END]
# 61. there are 1999970 student in all. [  24968 ,  29876 ,  30804 ,  21245 ,  31640 ,     ...    2960 ,  11333 ,  3928 ,  30902 ,  7749    ].  avg = 16384.80 . [END]
# 62. there are 1999998 student in all. [  31821 ,  23304 ,  26001 ,  24123 ,  17945 ,     ...    27644 ,  5683 ,  12636 ,  28451 ,  12794    ].  avg = 16385.73 . [END]
# 63. there are 1999966 student in all. [  14116 ,  14342 ,  22509 ,  21891 ,  13841 ,     ...    6383 ,  30100 ,  31973 ,  31328 ,  17946    ].  avg = 16382.94 . [END]
# 64. there are 1999967 student in all. [  23326 ,  9575 ,  5309 ,  23959 ,  31272 ,     ...    10241 ,  4708 ,  3954 ,  29333 ,  19833    ].  avg = 16381.79 . [END]
# 65. there are 1999956 student in all. [  13905 ,  15343 ,  9364 ,  4184 ,  25954 ,     ...    22344 ,  15597 ,  11523 ,  28577 ,  19796    ].  avg = 16382.80 . [END]
# 66. there are 1999958 student in all. [  26891 ,  18211 ,  27150 ,  5865 ,  10228 ,     ...    14268 ,  12882 ,  30962 ,  13915 ,  27893    ].  avg = 16379.05 . [END]
# 67. there are 1999999 student in all. [  21654 ,  13204 ,  27756 ,  14875 ,  15190 ,     ...    7821 ,  13181 ,  872 ,  8354 ,  13941    ].  avg = 16386.96 . [END]
# 68. there are 1999993 student in all. [  12071 ,  20090 ,  27768 ,  5641 ,  26728 ,     ...    23549 ,  2659 ,  28607 ,  27764 ,  13479    ].  avg = 16383.28 . [END]
# 69. there are 1999971 student in all. [  4868 ,  15680 ,  28679 ,  32495 ,  26987 ,     ...    25424 ,  21897 ,  22014 ,  24948 ,  8711    ].  avg = 16376.52 . [END]
# 70. there are 1999954 student in all. [  23326 ,  5207 ,  31840 ,  1433 ,  28836 ,     ...    24192 ,  7183 ,  2770 ,  6119 ,  13690    ].  avg = 16376.49 . [END]
# 71. there are 1999981 student in all. [  23422 ,  17839 ,  10514 ,  13559 ,  23375 ,     ...    30350 ,  14675 ,  29742 ,  1039 ,  30018    ].  avg = 16373.24 . [END]
# 72. there are 1999978 student in all. [  22676 ,  32146 ,  1704 ,  5215 ,  31937 ,     ...    1135 ,  13274 ,  27824 ,  25690 ,  28810    ].  avg = 16380.42 . [END]
# 73. there are 1999975 student in all. [  9563 ,  8697 ,  9566 ,  4127 ,  3840 ,     ...    2279 ,  29659 ,  28364 ,  22718 ,  8196    ].  avg = 16391.35 . [END]
# 74. there are 1999990 student in all. [  14992 ,  23240 ,  10166 ,  150 ,  7594 ,     ...    15589 ,  21389 ,  28042 ,  20585 ,  30007    ].  avg = 16378.31 . [END]
# 75. there are 1999988 student in all. [  16063 ,  6595 ,  911 ,  12429 ,  6559 ,     ...    30055 ,  2422 ,  11968 ,  24626 ,  22239    ].  avg = 16382.36 . [END]
# 76. there are 1999990 student in all. [  17662 ,  27292 ,  13951 ,  13965 ,  32111 ,     ...    26215 ,  25715 ,  18359 ,  31714 ,  8936    ].  avg = 16390.13 . [END]
# 77. there are 1999989 student in all. [  2805 ,  1124 ,  26753 ,  23391 ,  13272 ,     ...    12123 ,  29123 ,  17329 ,  18147 ,  17671    ].  avg = 16384.27 . [END]
# 78. there are 1999971 student in all. [  7008 ,  11833 ,  23411 ,  27681 ,  21492 ,     ...    20301 ,  17583 ,  18360 ,  17728 ,  26666    ].  avg = 16380.94 . [END]
# 79. there are 1999956 student in all. [  24219 ,  2222 ,  8564 ,  5272 ,  15225 ,     ...    369 ,  6137 ,  10747 ,  15961 ,  128    ].  avg = 16383.98 . [END]
# 80. there are 1999997 student in all. [  24823 ,  7359 ,  7184 ,  26511 ,  17514 ,     ...    24323 ,  17001 ,  31019 ,  23929 ,  21635    ].  avg = 16387.76 . [END]
# 81. there are 1999992 student in all. [  2677 ,  17054 ,  19100 ,  9701 ,  27694 ,     ...    17412 ,  20407 ,  22989 ,  26991 ,  20619    ].  avg = 16387.29 . [END]
# 82. there are 1999958 student in all. [  14875 ,  15851 ,  22895 ,  6333 ,  20787 ,     ...    11183 ,  97 ,  9253 ,  15166 ,  30455    ].  avg = 16390.00 . [END]
# 83. there are 1999964 student in all. [  26675 ,  28921 ,  9251 ,  14690 ,  26592 ,     ...    28465 ,  10440 ,  25320 ,  9421 ,  24454    ].  avg = 16390.80 . [END]
# 84. there are 1999983 student in all. [  31376 ,  8830 ,  28548 ,  27191 ,  1087 ,     ...    852 ,  24696 ,  8926 ,  9702 ,  30482    ].  avg = 16378.40 . [END]
# 85. there are 2000000 student in all. [  2547 ,  16017 ,  6055 ,  11141 ,  18109 ,     ...    8618 ,  13641 ,  23798 ,  30207 ,  5024    ].  avg = 16378.85 . [END]
# 86. there are 2000000 student in all. [  30140 ,  32480 ,  29627 ,  18499 ,  17813 ,     ...    4125 ,  19907 ,  12308 ,  20234 ,  6491    ].  avg = 16387.75 . [END]
# 87. there are 1999956 student in all. [  6654 ,  14789 ,  29712 ,  15422 ,  29365 ,     ...    16809 ,  6345 ,  15171 ,  18166 ,  19055    ].  avg = 16379.00 . [END]
# 88. there are 1999982 student in all. [  3196 ,  24664 ,  22630 ,  4167 ,  22453 ,     ...    31287 ,  13818 ,  16505 ,  3285 ,  13477    ].  avg = 16381.42 . [END]
# 89. there are 1999975 student in all. [  25915 ,  12124 ,  383 ,  27890 ,  27313 ,     ...    2168 ,  16434 ,  18030 ,  625 ,  7543    ].  avg = 16388.17 . [END]
# 90. there are 1999960 student in all. [  28065 ,  11803 ,  23479 ,  16377 ,  23905 ,     ...    27709 ,  27154 ,  6341 ,  11529 ,  1113    ].  avg = 16384.76 . [END]
# 91. there are 1999953 student in all. [  8832 ,  31348 ,  16207 ,  7882 ,  31146 ,     ...    21019 ,  21765 ,  6197 ,  27658 ,  21711    ].  avg = 16379.76 . [END]
# 92. there are 2000000 student in all. [  30822 ,  5084 ,  3835 ,  21641 ,  16586 ,     ...    27954 ,  9889 ,  17083 ,  30314 ,  24536    ].  avg = 16383.24 . [END]
# 93. there are 1999958 student in all. [  207 ,  1564 ,  32205 ,  32607 ,  617 ,     ...    5871 ,  22781 ,  31185 ,  20486 ,  6725    ].  avg = 16392.14 . [END]
# 94. there are 1999974 student in all. [  12321 ,  16180 ,  21689 ,  28125 ,  28558 ,     ...    14931 ,  19538 ,  560 ,  7988 ,  17850    ].  avg = 16388.17 . [END]
# 95. there are 1999958 student in all. [  27942 ,  10971 ,  1790 ,  24386 ,  19226 ,     ...    10348 ,  24337 ,  2491 ,  17566 ,  12095    ].  avg = 16385.39 . [END]
# 96. there are 1999998 student in all. [  31152 ,  9936 ,  14278 ,  17109 ,  4867 ,     ...    3105 ,  702 ,  29869 ,  15038 ,  32092    ].  avg = 16372.15 . [END]
# 97. there are 2000000 student in all. [  32189 ,  20445 ,  7145 ,  31729 ,  11525 ,     ...    30276 ,  23991 ,  8091 ,  28261 ,  3346    ].  avg = 16382.32 . [END]
# 98. there are 1999969 student in all. [  30364 ,  30008 ,  25578 ,  17334 ,  7766 ,     ...    15024 ,  26055 ,  17052 ,  25152 ,  12186    ].  avg = 16381.18 . [END]
# 99. there are 2000000 student in all. [  5807 ,  14389 ,  17089 ,  15220 ,  5957 ,     ...    25361 ,  30590 ,  21737 ,  7429 ,  21069    ].  avg = 16381.39 . [END]
#100. there are 1999990 student in all. [  15759 ,  32424 ,  1585 ,  21701 ,  10349 ,     ...    14540 ,  29305 ,  31444 ,  17544 ,  30290    ].  avg = 16389.79 . [END]
[DONE] Write file : 100_x_2000000.bin Finished. Totally 100 with 199997729 numbers. 
